============================= test session starts =============================
platform win32 -- Python 3.11.9, pytest-6.2.5, py-1.11.0, pluggy-1.6.0
rootdir: C:\Users\lukx\Desktop\TraderCopilot-Swing\backend
plugins: anyio-4.9.0
collected 0 items / 1 error

=================================== ERRORS ====================================
_________________ ERROR collecting tests/test_auth_flow_v2.py _________________
ImportError while importing test module 'C:\Users\lukx\Desktop\TraderCopilot-Swing\backend\tests\test_auth_flow_v2.py'.
Hint: make sure your test modules/packages have valid Python names.
Traceback:
..\..\..\AppData\Local\Programs\Python\Python311\Lib\importlib\__init__.py:126: in import_module
    return _bootstrap._gcd_import(name[level:], package, level)
tests\test_auth_flow_v2.py:8: in <module>
    from main import app
E   ModuleNotFoundError: No module named 'main'
============================== warnings summary ===============================
..\..\..\AppData\Local\Programs\Python\Python311\Lib\site-packages\starlette\formparsers.py:12
  C:\Users\lukx\AppData\Local\Programs\Python\Python311\Lib\site-packages\starlette\formparsers.py:12: PendingDeprecationWarning: Please use `import python_multipart` instead.
    import multipart

-- Docs: https://docs.pytest.org/en/stable/warnings.html
=========================== short test summary info ===========================
ERROR tests/test_auth_flow_v2.py
!!!!!!!!!!!!!!!!!!! Interrupted: 1 error during collection !!!!!!!!!!!!!!!!!!!!
========================= 1 warning, 1 error in 1.17s =========================
